console.c:59:31:_itsdk_console_private	32	static
console.c:155:31:_itsdk_console_public	16	static
console.c:201:6:itsdk_console_setup	8	static
console.c:216:6:itsdk_console_loop	32	static
console.c:270:6:_itsdk_console_printf	96	static
console.c:291:13:_itsdk_console_processLine	80	static
console.c:399:13:_itsdk_console_processChar	16	static
console.c:432:6:itsdk_console_registerCommand	24	static
console.c:451:6:itsdk_console_removeCommand	24	static
console.c:464:6:itsdk_console_existCommand	24	static
