console.c:62:31:_itsdk_console_private	32	static
console.c:179:31:_itsdk_console_public	16	static
console.c:224:6:itsdk_console_setup	8	static
console.c:239:6:itsdk_console_loop	32	static
console.c:296:6:_itsdk_console_printf	96	static
console.c:317:13:_itsdk_console_processLine	80	static
console.c:425:13:_itsdk_console_processChar	16	static
console.c:458:6:itsdk_console_registerCommand	24	static
console.c:477:6:itsdk_console_removeCommand	24	static
console.c:490:6:itsdk_console_existCommand	24	static
