stm32l0xx_hal_uart.c:292:19:HAL_UART_Init	16	static
stm32l0xx_hal_uart.c:367:19:HAL_HalfDuplex_Init	16	static
stm32l0xx_hal_uart.c:442:19:HAL_LIN_Init	16	static
stm32l0xx_hal_uart.c:541:19:HAL_MultiProcessor_Init	24	static
stm32l0xx_hal_uart.c:617:19:HAL_UART_DeInit	16	static
stm32l0xx_hal_uart.c:664:13:HAL_UART_MspInit	16	static
stm32l0xx_hal_uart.c:679:13:HAL_UART_MspDeInit	16	static
stm32l0xx_hal_uart.c:1035:19:HAL_UART_Transmit	48	static
stm32l0xx_hal_uart.c:1134:19:HAL_UART_Receive	48	static
stm32l0xx_hal_uart.c:1235:19:HAL_UART_Transmit_IT	24	static
stm32l0xx_hal_uart.c:1302:19:HAL_UART_Receive_IT	24	static
stm32l0xx_hal_uart.c:1374:19:HAL_UART_Transmit_DMA	24	static
stm32l0xx_hal_uart.c:1465:19:HAL_UART_Receive_DMA	24	static
stm32l0xx_hal_uart.c:1550:19:HAL_UART_DMAPause	24	static
stm32l0xx_hal_uart.c:1586:19:HAL_UART_DMAResume	16	static
stm32l0xx_hal_uart.c:1620:19:HAL_UART_DMAStop	24	static
stm32l0xx_hal_uart.c:1695:19:HAL_UART_Abort	16	static
stm32l0xx_hal_uart.c:1784:19:HAL_UART_AbortTransmit	16	static
stm32l0xx_hal_uart.c:1836:19:HAL_UART_AbortReceive	16	static
stm32l0xx_hal_uart.c:1896:19:HAL_UART_Abort_IT	24	static
stm32l0xx_hal_uart.c:2035:19:HAL_UART_AbortTransmit_IT	16	static
stm32l0xx_hal_uart.c:2119:19:HAL_UART_AbortReceive_IT	16	static
stm32l0xx_hal_uart.c:2203:6:HAL_UART_IRQHandler	40	static
stm32l0xx_hal_uart.c:2400:13:HAL_UART_TxCpltCallback	16	static
stm32l0xx_hal_uart.c:2415:13:HAL_UART_TxHalfCpltCallback	16	static
stm32l0xx_hal_uart.c:2430:13:HAL_UART_RxCpltCallback	16	static
stm32l0xx_hal_uart.c:2445:13:HAL_UART_RxHalfCpltCallback	16	static
stm32l0xx_hal_uart.c:2460:13:HAL_UART_ErrorCallback	16	static
stm32l0xx_hal_uart.c:2475:13:HAL_UART_AbortCpltCallback	16	static
stm32l0xx_hal_uart.c:2490:13:HAL_UART_AbortTransmitCpltCallback	16	static
stm32l0xx_hal_uart.c:2505:13:HAL_UART_AbortReceiveCpltCallback	16	static
stm32l0xx_hal_uart.c:2547:19:HAL_MultiProcessor_EnableMuteMode	16	static
stm32l0xx_hal_uart.c:2568:19:HAL_MultiProcessor_DisableMuteMode	16	static
stm32l0xx_hal_uart.c:2589:6:HAL_MultiProcessor_EnterMuteMode	16	static
stm32l0xx_hal_uart.c:2599:19:HAL_HalfDuplex_EnableTransmitter	16	static
stm32l0xx_hal_uart.c:2624:19:HAL_HalfDuplex_EnableReceiver	16	static
stm32l0xx_hal_uart.c:2650:19:HAL_LIN_SendBreak	16	static
stm32l0xx_hal_uart.c:2697:23:HAL_UART_GetState	24	static
stm32l0xx_hal_uart.c:2712:10:HAL_UART_GetError	16	static
stm32l0xx_hal_uart.c:2755:19:UART_SetConfig	72	static
stm32l0xx_hal_uart.c:2972:6:UART_AdvFeatureConfig	16	static
stm32l0xx_hal_uart.c:3046:19:UART_CheckIdleState	32	static
stm32l0xx_hal_uart.c:3097:19:UART_WaitOnFlagUntilTimeout	24	static
stm32l0xx_hal_uart.c:3130:13:UART_EndTxTransfer	16	static
stm32l0xx_hal_uart.c:3145:13:UART_EndRxTransfer	16	static
stm32l0xx_hal_uart.c:3164:13:UART_DMATransmitCplt	24	static
stm32l0xx_hal_uart.c:3198:13:UART_DMATxHalfCplt	24	static
stm32l0xx_hal_uart.c:3216:13:UART_DMAReceiveCplt	24	static
stm32l0xx_hal_uart.c:3251:13:UART_DMARxHalfCplt	24	static
stm32l0xx_hal_uart.c:3269:13:UART_DMAError	32	static
stm32l0xx_hal_uart.c:3309:13:UART_DMAAbortOnError	24	static
stm32l0xx_hal_uart.c:3332:13:UART_DMATxAbortCallback	24	static
stm32l0xx_hal_uart.c:3381:13:UART_DMARxAbortCallback	24	static
stm32l0xx_hal_uart.c:3432:13:UART_DMATxOnlyAbortCallback	24	static
stm32l0xx_hal_uart.c:3460:13:UART_DMARxOnlyAbortCallback	24	static
stm32l0xx_hal_uart.c:3492:13:UART_TxISR_8BIT	16	static
stm32l0xx_hal_uart.c:3521:13:UART_TxISR_16BIT	24	static
stm32l0xx_hal_uart.c:3553:13:UART_EndTransmit_IT	16	static
stm32l0xx_hal_uart.c:3578:13:UART_RxISR_8BIT	24	static
stm32l0xx_hal_uart.c:3628:13:UART_RxISR_16BIT	24	static
