stm32l0xx_hal_uart.c:292:19:HAL_UART_Init	16	static
stm32l0xx_hal_uart.c:367:19:HAL_HalfDuplex_Init	16	static
stm32l0xx_hal_uart.c:442:19:HAL_LIN_Init	16	static
stm32l0xx_hal_uart.c:541:19:HAL_MultiProcessor_Init	24	static
stm32l0xx_hal_uart.c:617:19:HAL_UART_DeInit	16	static
stm32l0xx_hal_uart.c:664:13:HAL_UART_MspInit	16	static
stm32l0xx_hal_uart.c:679:13:HAL_UART_MspDeInit	16	static
stm32l0xx_hal_uart.c:1035:19:HAL_UART_Transmit	48	static
stm32l0xx_hal_uart.c:1134:19:HAL_UART_Receive	48	static
stm32l0xx_hal_uart.c:1235:19:HAL_UART_Transmit_IT	24	static
stm32l0xx_hal_uart.c:1302:19:HAL_UART_Receive_IT	24	static
stm32l0xx_hal_uart.c:1375:19:HAL_UART_Transmit_DMA	24	static
stm32l0xx_hal_uart.c:1466:19:HAL_UART_Receive_DMA	24	static
stm32l0xx_hal_uart.c:1551:19:HAL_UART_DMAPause	24	static
stm32l0xx_hal_uart.c:1587:19:HAL_UART_DMAResume	16	static
stm32l0xx_hal_uart.c:1621:19:HAL_UART_DMAStop	24	static
stm32l0xx_hal_uart.c:1696:19:HAL_UART_Abort	16	static
stm32l0xx_hal_uart.c:1785:19:HAL_UART_AbortTransmit	16	static
stm32l0xx_hal_uart.c:1837:19:HAL_UART_AbortReceive	16	static
stm32l0xx_hal_uart.c:1897:19:HAL_UART_Abort_IT	24	static
stm32l0xx_hal_uart.c:2036:19:HAL_UART_AbortTransmit_IT	16	static
stm32l0xx_hal_uart.c:2120:19:HAL_UART_AbortReceive_IT	16	static
stm32l0xx_hal_uart.c:2204:6:HAL_UART_IRQHandler	40	static
stm32l0xx_hal_uart.c:2397:13:HAL_UART_TxCpltCallback	16	static
stm32l0xx_hal_uart.c:2412:13:HAL_UART_TxHalfCpltCallback	16	static
stm32l0xx_hal_uart.c:2427:13:HAL_UART_RxCpltCallback	16	static
stm32l0xx_hal_uart.c:2442:13:HAL_UART_RxHalfCpltCallback	16	static
stm32l0xx_hal_uart.c:2457:13:HAL_UART_ErrorCallback	16	static
stm32l0xx_hal_uart.c:2472:13:HAL_UART_AbortCpltCallback	16	static
stm32l0xx_hal_uart.c:2487:13:HAL_UART_AbortTransmitCpltCallback	16	static
stm32l0xx_hal_uart.c:2502:13:HAL_UART_AbortReceiveCpltCallback	16	static
stm32l0xx_hal_uart.c:2544:19:HAL_MultiProcessor_EnableMuteMode	16	static
stm32l0xx_hal_uart.c:2565:19:HAL_MultiProcessor_DisableMuteMode	16	static
stm32l0xx_hal_uart.c:2586:6:HAL_MultiProcessor_EnterMuteMode	16	static
stm32l0xx_hal_uart.c:2596:19:HAL_HalfDuplex_EnableTransmitter	16	static
stm32l0xx_hal_uart.c:2621:19:HAL_HalfDuplex_EnableReceiver	16	static
stm32l0xx_hal_uart.c:2647:19:HAL_LIN_SendBreak	16	static
stm32l0xx_hal_uart.c:2694:23:HAL_UART_GetState	24	static
stm32l0xx_hal_uart.c:2709:10:HAL_UART_GetError	16	static
stm32l0xx_hal_uart.c:2752:19:UART_SetConfig	72	static
stm32l0xx_hal_uart.c:2969:6:UART_AdvFeatureConfig	16	static
stm32l0xx_hal_uart.c:3043:19:UART_CheckIdleState	32	static
stm32l0xx_hal_uart.c:3094:19:UART_WaitOnFlagUntilTimeout	24	static
stm32l0xx_hal_uart.c:3127:13:UART_EndTxTransfer	16	static
stm32l0xx_hal_uart.c:3142:13:UART_EndRxTransfer	16	static
stm32l0xx_hal_uart.c:3161:13:UART_DMATransmitCplt	24	static
stm32l0xx_hal_uart.c:3195:13:UART_DMATxHalfCplt	24	static
stm32l0xx_hal_uart.c:3213:13:UART_DMAReceiveCplt	24	static
stm32l0xx_hal_uart.c:3248:13:UART_DMARxHalfCplt	24	static
stm32l0xx_hal_uart.c:3266:13:UART_DMAError	32	static
stm32l0xx_hal_uart.c:3306:13:UART_DMAAbortOnError	24	static
stm32l0xx_hal_uart.c:3329:13:UART_DMATxAbortCallback	24	static
stm32l0xx_hal_uart.c:3378:13:UART_DMARxAbortCallback	24	static
stm32l0xx_hal_uart.c:3429:13:UART_DMATxOnlyAbortCallback	24	static
stm32l0xx_hal_uart.c:3457:13:UART_DMARxOnlyAbortCallback	24	static
stm32l0xx_hal_uart.c:3489:13:UART_TxISR_8BIT	16	static
stm32l0xx_hal_uart.c:3518:13:UART_TxISR_16BIT	24	static
stm32l0xx_hal_uart.c:3550:13:UART_EndTransmit_IT	16	static
stm32l0xx_hal_uart.c:3575:13:UART_RxISR_8BIT	24	static
stm32l0xx_hal_uart.c:3625:13:UART_RxISR_16BIT	24	static
