gpio_wrapper.c:47:16:getPortFromBankId	16	static
gpio_wrapper.c:71:9:getPinNumFromPinVector	24	static
gpio_wrapper.c:83:11:getIrqFromBankPin	32	static
gpio_wrapper.c:96:6:gpio_configure	32	static
gpio_wrapper.c:101:6:gpio_configure_ext	72	static
gpio_wrapper.c:328:6:gpio_set	16	static
gpio_wrapper.c:332:6:gpio_reset	16	static
gpio_wrapper.c:336:6:gpio_change	24	static
gpio_wrapper.c:340:6:gpio_toggle	16	static
gpio_wrapper.c:344:9:gpio_read	16	static
gpio_wrapper.c:349:6:gpio_interruptEnable	16	static
gpio_wrapper.c:353:6:gpio_interruptDisable	16	static
gpio_wrapper.c:357:6:gpio_interruptDisableAll	8	static
gpio_wrapper.c:362:6:gpio_interruptPriority	24	static
gpio_wrapper.c:366:6:gpio_interruptClear	16	static
gpio_wrapper.c:379:6:HAL_GPIO_EXTI_Callback	32	static
gpio_wrapper.c:413:6:gpio_registerWakeUpAction	16	static
gpio_wrapper.c:421:6:gpio_removeWakeUpAction	8	static
gpio_wrapper.c:428:6:gpio_registerIrqAction	24	static
gpio_wrapper.c:443:6:gpio_removeIrqAction	24	static
gpio_wrapper.c:456:6:gpio_existAction	24	static
