core_cm0plus.h:846:22:NVIC_SystemReset	8	static,ignoring_inline_asm
misc_wrapper.c:37:6:itsdk_reset	8	static
misc_wrapper.c:44:21:itsdk_getResetCause	8	static
misc_wrapper.c:55:6:itsdk_cleanResetCause	8	static
misc_wrapper.c:62:6:itsdk_delayMs	16	static
misc_wrapper.c:69:10:itsdk_getIrqMask	16	static,ignoring_inline_asm
misc_wrapper.c:76:6:itsdk_setIrqMask	24	static,ignoring_inline_asm
misc_wrapper.c:83:6:itsdk_enterCriticalSection	16	static,ignoring_inline_asm
misc_wrapper.c:93:6:itsdk_leaveCriticalSection	8	static
misc_wrapper.c:100:6:itsdk_disableIrq	8	static,ignoring_inline_asm
misc_wrapper.c:107:6:itsdk_enableIrq	8	static,ignoring_inline_asm
misc_wrapper.c:123:10:itsdk_getRandomSeed	8	static
misc_wrapper.c:132:6:itsdk_getUniqId	32	static
misc_wrapper.c:158:9:itsdk_randomBit	16	static
