uart_wrapper.c:63:6:serial1_init	8	static
uart_wrapper.c:90:6:serial1_connect	16	static
uart_wrapper.c:104:6:serial1_disconnect	16	static
uart_wrapper.c:118:6:serial1_flush	8	static
uart_wrapper.c:128:6:serial1_print	16	static
uart_wrapper.c:136:6:serial1_write	24	static
uart_wrapper.c:144:6:serial1_println	24	static
uart_wrapper.c:156:24:serial1_read	16	static
uart_wrapper.c:222:14:serial1_changeBaudRate	24	static
uart_wrapper.c:255:6:serial2_init	8	static
uart_wrapper.c:273:6:serial2_connect	8	static
uart_wrapper.c:282:6:serial2_disconnect	8	static
uart_wrapper.c:288:6:serial2_flush	8	static
uart_wrapper.c:295:6:serial2_print	16	static
uart_wrapper.c:301:6:serial2_write	24	static
uart_wrapper.c:307:6:serial2_println	24	static
uart_wrapper.c:315:24:serial2_read	16	static
uart_wrapper.c:362:14:serial2_changeBaudRate	16	static
uart_wrapper.c:451:6:debug_flush	8	static
uart_wrapper.c:454:6:debug_print	16	static
