uart_wrapper.c:59:6:serial1_init	8	static
uart_wrapper.c:84:6:serial1_connect	8	static
uart_wrapper.c:98:6:serial1_disconnect	8	static
uart_wrapper.c:112:6:serial1_flush	8	static
uart_wrapper.c:122:6:serial1_print	16	static
uart_wrapper.c:130:6:serial1_write	16	static
uart_wrapper.c:138:6:serial1_println	16	static
uart_wrapper.c:150:24:serial1_read	16	static
uart_wrapper.c:216:14:serial1_changeBaudRate	16	static
uart_wrapper.c:249:6:serial2_init	8	static
uart_wrapper.c:267:6:serial2_connect	8	static
uart_wrapper.c:276:6:serial2_disconnect	8	static
uart_wrapper.c:282:6:serial2_flush	8	static
uart_wrapper.c:289:6:serial2_print	16	static
uart_wrapper.c:295:6:serial2_write	24	static
uart_wrapper.c:301:6:serial2_println	24	static
uart_wrapper.c:309:24:serial2_read	16	static
uart_wrapper.c:356:14:serial2_changeBaudRate	24	static
uart_wrapper.c:387:6:HAL_UART_ErrorCallback	16	static
uart_wrapper.c:394:6:HAL_UART_RxCpltCallback	16	static
uart_wrapper.c:445:6:debug_flush	8	static
uart_wrapper.c:448:6:debug_print	16	static
