uart_wrapper.c:63:6:serial1_init	16	static
uart_wrapper.c:91:6:serial1_connect	8	static
uart_wrapper.c:105:6:serial1_disconnect	8	static
uart_wrapper.c:119:6:serial1_flush	8	static
uart_wrapper.c:129:6:serial1_print	16	static
uart_wrapper.c:137:6:serial1_write	16	static
uart_wrapper.c:145:6:serial1_println	16	static
uart_wrapper.c:157:24:serial1_read	16	static
uart_wrapper.c:223:14:serial1_changeBaudRate	16	static
uart_wrapper.c:256:6:serial2_init	8	static
uart_wrapper.c:277:6:serial2_connect	8	static
uart_wrapper.c:286:6:serial2_disconnect	8	static
uart_wrapper.c:292:6:serial2_flush	8	static
uart_wrapper.c:299:6:serial2_print	16	static
uart_wrapper.c:305:6:serial2_write	24	static
uart_wrapper.c:311:6:serial2_println	24	static
uart_wrapper.c:319:24:serial2_read	16	static
uart_wrapper.c:366:14:serial2_changeBaudRate	24	static
uart_wrapper.c:397:6:HAL_UART_ErrorCallback	16	static
uart_wrapper.c:404:6:HAL_UART_RxCpltCallback	16	static
uart_wrapper.c:478:6:debug_flush	8	static
uart_wrapper.c:481:6:debug_print	16	static
