uart_wrapper.c:63:6:serial1_init	16	static
uart_wrapper.c:88:6:serial1_connect	16	static
uart_wrapper.c:102:6:serial1_disconnect	16	static
uart_wrapper.c:116:6:serial1_flush	8	static
uart_wrapper.c:126:6:serial1_print	16	static
uart_wrapper.c:134:6:serial1_write	24	static
uart_wrapper.c:142:6:serial1_println	24	static
uart_wrapper.c:154:24:serial1_read	16	static
uart_wrapper.c:223:14:serial1_changeBaudRate	24	static
uart_wrapper.c:260:6:serial2_init	8	static
uart_wrapper.c:278:6:serial2_connect	8	static
uart_wrapper.c:287:6:serial2_disconnect	8	static
uart_wrapper.c:293:6:serial2_flush	8	static
uart_wrapper.c:300:6:serial2_print	16	static
uart_wrapper.c:306:6:serial2_write	24	static
uart_wrapper.c:312:6:serial2_println	24	static
uart_wrapper.c:320:24:serial2_read	16	static
uart_wrapper.c:368:14:serial2_changeBaudRate	24	static
uart_wrapper.c:403:6:HAL_UART_ErrorCallback	16	static
uart_wrapper.c:410:6:HAL_UART_RxCpltCallback	16	static
uart_wrapper.c:445:6:debug_flush	8	static
uart_wrapper.c:448:6:debug_print	16	static
