lorawan.c:64:22:itsdk_lorawan_setup	120	static
lorawan.c:186:22:itsdk_lorawan_join_sync	8	static
lorawan.c:193:6:lorawan_driver_onJoinSuccess	8	static
lorawan.c:199:6:lorawan_driver_onJoinFailed	8	static
lorawan.c:206:22:itsdk_lorawan_join_async	16	static
lorawan.c:221:6:itsdk_lorawan_hasjoined	8	static
lorawan.c:226:22:itsdk_lorawan_getJoinState	24	static
lorawan.c:253:22:itsdk_lorawan_send_simple_uplink_sync	48	static
lorawan.c:271:13:__itsdk_lorawan_encrypt_payload	16	static
lorawan.c:327:22:itsdk_lorawan_send_sync	48	static
lorawan.c:345:6:lorawan_driver_onSendSuccessAckFailed	16	static
lorawan.c:351:6:lorawan_driver_onSendAckSuccess	16	static
lorawan.c:357:6:lorawan_driver_onSendSuccess	16	static
lorawan.c:364:6:lorawan_driver_onDataReception	24	static
lorawan.c:378:6:lorawan_driver_onPendingDownlink	16	static
lorawan.c:385:22:itsdk_lorawan_send_async	48	static
lorawan.c:408:22:itsdk_lorawan_getSendState	24	static
lorawan.c:438:31:itsdk_lorawan_getDeviceId	64	static
lorawan.c:458:31:itsdk_lorawan_getDeviceEUI	48	static
lorawan.c:482:31:itsdk_lorawan_getAppEUI	48	static
lorawan.c:506:31:itsdk_lorawan_getAppKEY	32	static
lorawan.c:531:24:itsdk_lorawan_resetFactoryDefaults	80	static
lorawan.c:560:24:itsdk_lorawan_changeDefaultRate	16	static
lorawan.c:566:25:itsdk_lorawan_getLastRssiSnr	16	static
lorawan.c:571:24:itsdk_lorawan_setTxPower	16	static
lorawan.c:576:24:itsdk_lorawan_getTxPower	16	static
lorawan.c:583:24:itsdk_lorawan_getDownlinkFrameCounter	16	static
lorawan.c:590:24:itsdk_lorawan_getUplinkFrameCounter	16	static
lorawan.c:596:24:itsdk_lorawan_getNextUplinkFrameCounter	16	static
lorawan.c:607:6:itsdk_lorawan_loop	8	static
