lorawan.c:63:22:itsdk_lorawan_setup	120	static
lorawan.c:185:22:itsdk_lorawan_join_sync	8	static
lorawan.c:192:6:lorawan_driver_onJoinSuccess	8	static
lorawan.c:198:6:lorawan_driver_onJoinFailed	8	static
lorawan.c:205:22:itsdk_lorawan_join_async	16	static
lorawan.c:220:6:itsdk_lorawan_hasjoined	8	static
lorawan.c:225:22:itsdk_lorawan_getJoinState	24	static
lorawan.c:252:22:itsdk_lorawan_send_simple_uplink_sync	48	static
lorawan.c:270:13:__itsdk_lorawan_encrypt_payload	16	static
lorawan.c:326:22:itsdk_lorawan_send_sync	48	static
lorawan.c:344:6:lorawan_driver_onSendSuccessAckFailed	16	static
lorawan.c:350:6:lorawan_driver_onSendAckSuccess	16	static
lorawan.c:356:6:lorawan_driver_onSendSuccess	16	static
lorawan.c:363:6:lorawan_driver_onDataReception	24	static
lorawan.c:377:6:lorawan_driver_onPendingDownlink	16	static
lorawan.c:384:22:itsdk_lorawan_send_async	48	static
lorawan.c:407:22:itsdk_lorawan_getSendState	24	static
lorawan.c:437:31:itsdk_lorawan_getDeviceId	64	static
lorawan.c:457:31:itsdk_lorawan_getDeviceEUI	48	static
lorawan.c:481:31:itsdk_lorawan_getAppEUI	48	static
lorawan.c:505:31:itsdk_lorawan_getAppKEY	32	static
lorawan.c:530:24:itsdk_lorawan_resetFactoryDefaults	80	static
lorawan.c:559:24:itsdk_lorawan_changeDefaultRate	16	static
lorawan.c:565:25:itsdk_lorawan_getLastRssiSnr	16	static
lorawan.c:570:24:itsdk_lorawan_setTxPower	16	static
lorawan.c:575:24:itsdk_lorawan_getTxPower	16	static
lorawan.c:582:24:itsdk_lorawan_getDownlinkFrameCounter	16	static
lorawan.c:589:24:itsdk_lorawan_getUplinkFrameCounter	16	static
lorawan.c:595:24:itsdk_lorawan_getNextUplinkFrameCounter	16	static
lorawan.c:606:6:itsdk_lorawan_loop	8	static
