rtc.c:43:6:rtc_configure4LowPower	16	static
rtc.c:53:6:rtc_disable4LowPower	8	static
rtc.c:63:6:rtc_runRtcUntil	24	static
rtc.c:79:10:rtc_getTicksFromDuration	16	static
rtc.c:86:9:rtc_getMsFromTicks	16	static
rtc.c:93:6:rtc_runRtcUntilTicks	16	static
rtc.c:100:6:rtc_runRtcUntilMs	16	static
rtc.c:106:6:rtc_disableWakeUp	8	static
rtc.c:124:10:rtc_getTimestampMs	16	static
rtc.c:128:10:rtc_getTimestampMsRaw	104	static
rtc.c:180:6:rtc_resetTime	32	static
rtc.c:203:6:rtc_prepareSleepTime	8	static
rtc.c:218:6:rtc_updateTimeAfterSleepTime	16	static
rtc.c:229:6:HAL_RTCEx_WakeUpTimerEventCallback	24	static
rtc.c:246:6:rtc_registerIrqAction	24	static
rtc.c:262:6:rtc_removeIrqAction	24	static
rtc.c:275:6:rtc_existAction	24	static
rtc.c:295:10:rtc_getClockAdjustement	8	static
rtc.c:311:6:rtc_adjustTime	24	static
rtc.c:329:10:rtc_calcClockRatio	8	static
