tool.c:36:9:itsdk_randomByte	32	static
tool.c:58:10:itsdk_computeCRC32	32	static
tool.c:82:6:itsdk_inlineCRC32_init	8	static
tool.c:86:10:itsdk_inlineCRC32_next	24	static
tool.c:107:10:itsdk_isqtr	24	static
tool.c:122:10:itsdk_pgcd	24	static
tool.c:139:6:itdt_convertHalfInt2HexChar	16	static
tool.c:148:9:itdt_convertNumChar2Int	16	static
tool.c:156:9:itdt_convertHexChar2HalfInt	16	static
tool.c:167:6:itdt_convertInt2HexChar	32	static
tool.c:177:9:itdt_convertHexChar2Int	40	static
tool.c:186:10:itdt_convertHexChar8Int	24	static
tool.c:200:10:itdt_convertHexChar4Int	32	static
tool.c:210:9:itdt_convertDecChar4Int	24	static
tool.c:220:10:itdt_convertDecChar3UInt	24	static
tool.c:232:9:itdt_convertDecCharNInt	40	static
tool.c:254:6:itdt_convertIntTab2Hex	32	static
tool.c:265:6:itdt_convertHexStr2IntTab	40	static
tool.c:277:6:itdt_isHexChar	16	static
tool.c:290:6:itdt_isHexString	32	static
tool.c:310:6:itdt_macToString	24	static
tool.c:323:10:itdt_align_32b	16	static
tool.c:335:9:itdt_count_bits_1	24	static
