lorawan.c:102:6:lorawan_driver_loop	8	static
lorawan.c:113:13:lorawan_driver_waitUntilEndOfExecution	8	static
lorawan.c:131:13:lorawan_driver_onDataReception	16	static
lorawan.c:139:13:lorawan_driver_onJoinSuccess	8	static
lorawan.c:146:13:lorawan_driver_onJoinFailed	8	static
lorawan.c:153:13:lorawan_driver_onSendSuccess	8	static
lorawan.c:160:13:lorawan_driver_onSendAckSuccess	8	static
lorawan.c:167:13:lorawan_driver_onPendingDownlink	8	static
lorawan.c:175:13:lorawan_driver_onSendSuccessAckFailed	8	static
lorawan.c:190:16:lorawan_driver_battery_level	24	static
lorawan.c:201:17:lorawan_driver_temperature	24	static
lorawan.c:210:6:lorawan_driver_macProcessNotify	8	static
lorawan.c:217:6:lorawan_driver_nvmContextChange	16	static
lorawan.c:224:13:lorawan_driver_onTxNeeded	8	static
lorawan.c:232:16:__convertDR	16	static
lorawan.c:257:16:__convertTxPower	16	static
lorawan.c:282:16:__unconvertTxPower	16	static
lorawan.c:338:6:lorawan_driver_LORA_Init	48	static
lorawan.c:527:22:lorawan_driver_LORA_Join	72	static
lorawan.c:600:22:lorawan_driver_LORA_Send	72	static
lorawan.c:736:25:lorawan_driver_LORA_AddChannel	56	static
lorawan.c:777:25:lorawan_driver_LORA_SelectChannels	24	static
lorawan.c:800:25:lorawan_driver_LORA_RemoveChannel	16	static
lorawan.c:813:10:lorawan_driver_LORA_GetUplinkFrameCounter	8	static
lorawan.c:821:10:lorawan_driver_LORA_GetDownlinkFrameCounter	8	static
lorawan.c:835:23:lorawan_driver_LORA_GetTxPower	32	static
lorawan.c:852:6:lorawan_driver_LORA_SetTxPower	48	static
lorawan.c:868:25:lorawan_driver_LORA_GetLastRssiSnr	16	static
lorawan.c:881:6:lorawan_driver_LORA_ChangeDefaultRate	16	static
lorawan.c:891:26:lorawan_driver_LORA_getJoinState	8	static
lorawan.c:900:26:lorawan_driver_LORA_getSendState	8	static
lorawan.c:911:13:McpsConfirm	16	static
lorawan.c:976:13:McpsIndication	16	static
lorawan.c:1081:13:MlmeConfirm	24	static
lorawan.c:1194:13:MlmeIndication	16	static
