project_main.c:113:6:task	160	static
project_main.c:190:6:sendUplink	104	static
project_main.c:246:6:process_downlink	24	static
project_main.c:293:9:setDataRate	16	static
project_main.c:321:10:getBatteryLevel	24	static
project_main.c:336:6:project_setup	8	static
project_main.c:351:6:project_loop	8	static
project_main.c:422:6:toggle_valve	80	static
project_main.c:477:7:start_pulse_counter	8	static
project_main.c:484:11:instantaneous_flow	16	static
project_main.c:504:7:HAL_LPTIM_AutoReloadMatchCallback	16	static
project_main.c:514:7:MX_LPTIM1_Init	8	static
