project_main.c:117:6:task	32	static
project_main.c:181:6:sendUplink	104	static
project_main.c:237:6:process_downlink	24	static
project_main.c:284:9:setDataRate	16	static
project_main.c:312:10:getBatteryLevel	24	static
project_main.c:327:6:project_setup	8	static
project_main.c:342:6:project_loop	8	static
project_main.c:352:9:readUart	48	static
project_main.c:400:6:resetMeasure	24	static
project_main.c:413:6:toggle_valve	80	static
project_main.c:468:7:start_pulse_counter	8	static
project_main.c:475:11:instantaneous_flow	16	static
project_main.c:495:7:HAL_LPTIM_AutoReloadMatchCallback	16	static
project_main.c:505:7:MX_LPTIM1_Init	8	static
