sdk_config.c:67:28:itsdk_config_sdk_resetToFactory	8	static
sdk_config.c:122:29:itsdk_config_app_resetToFactory	8	static
sdk_config.c:131:29:itsdk_config_app_upgradeConfiguration	8	static
sdk_config.c:142:21:itsdk_config_resetToFactory	16	static
sdk_config.c:159:21:itsdk_config_flushConfig	16	static
sdk_config.c:179:20:itsdk_config_loadConfiguration	40	static
sdk_config.c:275:27:itsdk_config_app_commitConfiguration	8	static
sdk_config.c:284:20:itsdk_config_commitConfiguration	32	static
sdk_config.c:329:15:itsdk_config_app_printConfig	16	static
sdk_config.c:336:32:_itsdk_config_consolePublic	24	static
sdk_config.c:423:31:_itsdk_config_consolePriv	48	static
